2026-06-09 15:15:28,062 INFO:main.py:240:print_splash_screen:PDB2PQR v3.6.1: biomolecular structure conversion software.
2026-06-09 15:15:28,062 INFO:main.py:242:print_splash_screen:Please cite:  Jurrus E, et al.  Improvements to the APBS biomolecular solvation software suite.  Protein Sci 27 112-128 (2018).
2026-06-09 15:15:28,062 INFO:main.py:242:print_splash_screen:Please cite:  Dolinsky TJ, et al.  PDB2PQR: expanding and upgrading automated preparation of biomolecular structures for molecular simulations. Nucleic Acids Res 35 W522-W525 (2007).
2026-06-09 15:15:28,062 INFO:main.py:759:main_driver:Checking and transforming input arguments.
2026-06-09 15:15:28,064 INFO:main.py:763:main_driver:Loading topology files.
2026-06-09 15:15:28,146 INFO:main.py:765:main_driver:Loading molecule: estructuras/7WJO_a_clean.pdb
2026-06-09 15:15:28,182 INFO:main.py:770:main_driver:Setting up molecule.
2026-06-09 15:15:28,218 INFO:main.py:408:setup_molecule:Created biomolecule object with 801 residues and 6431 atoms.
2026-06-09 15:15:28,218 INFO:main.py:774:main_driver:Setting termini states for biomolecule chains.
2026-06-09 15:15:28,237 WARNING:biomolecule.py:615:update_bonds:Gap in backbone detected between SER A 741 and LYS A 762!
2026-06-09 15:15:28,237 INFO:main.py:604:non_trivial:Loading forcefield.
2026-06-09 15:15:28,247 INFO:main.py:608:non_trivial:Loading hydrogen topology definitions.
2026-06-09 15:15:28,254 WARNING:biomolecule.py:157:num_missing_heavy:Missing atom OXT in residue ILE A 860
2026-06-09 15:15:28,256 WARNING:biomolecule.py:157:num_missing_heavy:Missing atom OXT in residue ILE A 860
2026-06-09 15:15:28,257 INFO:main.py:618:non_trivial:Attempting to repair 1 missing atoms in biomolecule.
2026-06-09 15:15:28,259 WARNING:biomolecule.py:157:num_missing_heavy:Missing atom OXT in residue ILE A 860
2026-06-09 15:15:28,261 INFO:biomolecule.py:1077:repair_heavy:Added atom OXT to residue ILE A 860 at coordinates 33.252, 46.561, 7.652
2026-06-09 15:15:28,261 INFO:main.py:623:non_trivial:Updating disulfide bridges.
2026-06-09 15:15:28,263 INFO:main.py:626:non_trivial:Debumping biomolecule.
2026-06-09 15:15:28,530 INFO:main.py:649:non_trivial:Adding hydrogens to biomolecule.
2026-06-09 15:15:29,364 INFO:main.py:652:non_trivial:Debumping biomolecule (again).
2026-06-09 15:15:30,202 INFO:main.py:654:non_trivial:Optimizing hydrogen bonds
2026-06-09 15:15:32,227 INFO:main.py:666:non_trivial:Applying force field to biomolecule states.
2026-06-09 15:15:32,239 INFO:main.py:713:non_trivial:Regenerating headers.
2026-06-09 15:15:32,241 INFO:main.py:738:non_trivial:Regenerating PDB lines.
2026-06-09 15:15:32,306 WARNING:main.py:311:print_pqr:Ignoring 391 header lines in output.
2026-06-09 15:15:32,388 WARNING:main.py:354:print_pdb:Ignoring 391 header lines in output.
